ERROR - 2026-04-15 06:45:52 --> Error connecting to the database: mysqli_sql_exception: No such file or directory in /home/itu/Bureau/ETU004176/S4/Systeme d'info/codeigniterframework/system/Database/MySQLi/Connection.php:201
Stack trace:
#0 /home/itu/Bureau/ETU004176/S4/Systeme d'info/codeigniterframework/system/Database/MySQLi/Connection.php(201): mysqli->real_connect()
#1 /home/itu/Bureau/ETU004176/S4/Systeme d'info/codeigniterframework/system/Database/BaseConnection.php(555): CodeIgniter\Database\MySQLi\Connection->connect()
#2 /home/itu/Bureau/ETU004176/S4/Systeme d'info/codeigniterframework/system/Database/BaseConnection.php(795): CodeIgniter\Database\BaseConnection->initialize()
#3 /home/itu/Bureau/ETU004176/S4/Systeme d'info/codeigniterframework/system/Database/BaseBuilder.php(1649): CodeIgniter\Database\BaseConnection->query()
#4 /home/itu/Bureau/ETU004176/S4/Systeme d'info/codeigniterframework/system/Model.php(253): CodeIgniter\Database\BaseBuilder->get()
#5 /home/itu/Bureau/ETU004176/S4/Systeme d'info/codeigniterframework/system/BaseModel.php(676): CodeIgniter\Model->doFindAll()
#6 /home/itu/Bureau/ETU004176/S4/Systeme d'info/codeigniterframework/app/Controllers/Produit.php(9): CodeIgniter\BaseModel->findAll()
#7 /home/itu/Bureau/ETU004176/S4/Systeme d'info/codeigniterframework/system/CodeIgniter.php(951): App\Controllers\Produit->index()
#8 /home/itu/Bureau/ETU004176/S4/Systeme d'info/codeigniterframework/system/CodeIgniter.php(497): CodeIgniter\CodeIgniter->runController()
#9 /home/itu/Bureau/ETU004176/S4/Systeme d'info/codeigniterframework/system/CodeIgniter.php(340): CodeIgniter\CodeIgniter->handleRequest()
#10 /home/itu/Bureau/ETU004176/S4/Systeme d'info/codeigniterframework/system/Boot.php(417): CodeIgniter\CodeIgniter->run()
#11 /home/itu/Bureau/ETU004176/S4/Systeme d'info/codeigniterframework/system/Boot.php(68): CodeIgniter\Boot::runCodeIgniter()
#12 /home/itu/Bureau/ETU004176/S4/Systeme d'info/codeigniterframework/public/index.php(59): CodeIgniter\Boot::bootWeb()
#13 {main}

Next CodeIgniter\Database\Exceptions\DatabaseException: No such file or directory in /home/itu/Bureau/ETU004176/S4/Systeme d'info/codeigniterframework/system/Database/MySQLi/Connection.php:231
Stack trace:
#0 /home/itu/Bureau/ETU004176/S4/Systeme d'info/codeigniterframework/system/Database/BaseConnection.php(555): CodeIgniter\Database\MySQLi\Connection->connect()
#1 /home/itu/Bureau/ETU004176/S4/Systeme d'info/codeigniterframework/system/Database/BaseConnection.php(795): CodeIgniter\Database\BaseConnection->initialize()
#2 /home/itu/Bureau/ETU004176/S4/Systeme d'info/codeigniterframework/system/Database/BaseBuilder.php(1649): CodeIgniter\Database\BaseConnection->query()
#3 /home/itu/Bureau/ETU004176/S4/Systeme d'info/codeigniterframework/system/Model.php(253): CodeIgniter\Database\BaseBuilder->get()
#4 /home/itu/Bureau/ETU004176/S4/Systeme d'info/codeigniterframework/system/BaseModel.php(676): CodeIgniter\Model->doFindAll()
#5 /home/itu/Bureau/ETU004176/S4/Systeme d'info/codeigniterframework/app/Controllers/Produit.php(9): CodeIgniter\BaseModel->findAll()
#6 /home/itu/Bureau/ETU004176/S4/Systeme d'info/codeigniterframework/system/CodeIgniter.php(951): App\Controllers\Produit->index()
#7 /home/itu/Bureau/ETU004176/S4/Systeme d'info/codeigniterframework/system/CodeIgniter.php(497): CodeIgniter\CodeIgniter->runController()
#8 /home/itu/Bureau/ETU004176/S4/Systeme d'info/codeigniterframework/system/CodeIgniter.php(340): CodeIgniter\CodeIgniter->handleRequest()
#9 /home/itu/Bureau/ETU004176/S4/Systeme d'info/codeigniterframework/system/Boot.php(417): CodeIgniter\CodeIgniter->run()
#10 /home/itu/Bureau/ETU004176/S4/Systeme d'info/codeigniterframework/system/Boot.php(68): CodeIgniter\Boot::runCodeIgniter()
#11 /home/itu/Bureau/ETU004176/S4/Systeme d'info/codeigniterframework/public/index.php(59): CodeIgniter\Boot::bootWeb()
#12 {main}
CRITICAL - 2026-04-15 06:45:52 --> CodeIgniter\Database\Exceptions\DatabaseException: Unable to connect to the database.
Main connection [MySQLi]: No such file or directory
[Method: GET, Route: produits]
in SYSTEMPATH/Database/BaseConnection.php on line 606.
 1 SYSTEMPATH/Database/BaseConnection.php(795): CodeIgniter\Database\BaseConnection->initialize()
 2 SYSTEMPATH/Database/BaseBuilder.php(1649): CodeIgniter\Database\BaseConnection->query()
 3 SYSTEMPATH/Model.php(253): CodeIgniter\Database\BaseBuilder->get()
 4 SYSTEMPATH/BaseModel.php(676): CodeIgniter\Model->doFindAll()
 5 APPPATH/Controllers/Produit.php(9): CodeIgniter\BaseModel->findAll()
 6 SYSTEMPATH/CodeIgniter.php(951): App\Controllers\Produit->index()
 7 SYSTEMPATH/CodeIgniter.php(497): CodeIgniter\CodeIgniter->runController()
 8 SYSTEMPATH/CodeIgniter.php(340): CodeIgniter\CodeIgniter->handleRequest()
 9 SYSTEMPATH/Boot.php(417): CodeIgniter\CodeIgniter->run()
10 SYSTEMPATH/Boot.php(68): CodeIgniter\Boot::runCodeIgniter()
11 FCPATH/index.php(59): CodeIgniter\Boot::bootWeb()
ERROR - 2026-04-15 06:45:53 --> Error connecting to the database: mysqli_sql_exception: No such file or directory in /home/itu/Bureau/ETU004176/S4/Systeme d'info/codeigniterframework/system/Database/MySQLi/Connection.php:201
Stack trace:
#0 /home/itu/Bureau/ETU004176/S4/Systeme d'info/codeigniterframework/system/Database/MySQLi/Connection.php(201): mysqli->real_connect()
#1 /home/itu/Bureau/ETU004176/S4/Systeme d'info/codeigniterframework/system/Database/BaseConnection.php(555): CodeIgniter\Database\MySQLi\Connection->connect()
#2 /home/itu/Bureau/ETU004176/S4/Systeme d'info/codeigniterframework/system/Database/BaseConnection.php(795): CodeIgniter\Database\BaseConnection->initialize()
#3 /home/itu/Bureau/ETU004176/S4/Systeme d'info/codeigniterframework/system/Database/BaseBuilder.php(1649): CodeIgniter\Database\BaseConnection->query()
#4 /home/itu/Bureau/ETU004176/S4/Systeme d'info/codeigniterframework/system/Model.php(253): CodeIgniter\Database\BaseBuilder->get()
#5 /home/itu/Bureau/ETU004176/S4/Systeme d'info/codeigniterframework/system/BaseModel.php(676): CodeIgniter\Model->doFindAll()
#6 /home/itu/Bureau/ETU004176/S4/Systeme d'info/codeigniterframework/app/Controllers/Produit.php(9): CodeIgniter\BaseModel->findAll()
#7 /home/itu/Bureau/ETU004176/S4/Systeme d'info/codeigniterframework/system/CodeIgniter.php(951): App\Controllers\Produit->index()
#8 /home/itu/Bureau/ETU004176/S4/Systeme d'info/codeigniterframework/system/CodeIgniter.php(497): CodeIgniter\CodeIgniter->runController()
#9 /home/itu/Bureau/ETU004176/S4/Systeme d'info/codeigniterframework/system/CodeIgniter.php(340): CodeIgniter\CodeIgniter->handleRequest()
#10 /home/itu/Bureau/ETU004176/S4/Systeme d'info/codeigniterframework/system/Boot.php(417): CodeIgniter\CodeIgniter->run()
#11 /home/itu/Bureau/ETU004176/S4/Systeme d'info/codeigniterframework/system/Boot.php(68): CodeIgniter\Boot::runCodeIgniter()
#12 /home/itu/Bureau/ETU004176/S4/Systeme d'info/codeigniterframework/public/index.php(59): CodeIgniter\Boot::bootWeb()
#13 {main}

Next CodeIgniter\Database\Exceptions\DatabaseException: No such file or directory in /home/itu/Bureau/ETU004176/S4/Systeme d'info/codeigniterframework/system/Database/MySQLi/Connection.php:231
Stack trace:
#0 /home/itu/Bureau/ETU004176/S4/Systeme d'info/codeigniterframework/system/Database/BaseConnection.php(555): CodeIgniter\Database\MySQLi\Connection->connect()
#1 /home/itu/Bureau/ETU004176/S4/Systeme d'info/codeigniterframework/system/Database/BaseConnection.php(795): CodeIgniter\Database\BaseConnection->initialize()
#2 /home/itu/Bureau/ETU004176/S4/Systeme d'info/codeigniterframework/system/Database/BaseBuilder.php(1649): CodeIgniter\Database\BaseConnection->query()
#3 /home/itu/Bureau/ETU004176/S4/Systeme d'info/codeigniterframework/system/Model.php(253): CodeIgniter\Database\BaseBuilder->get()
#4 /home/itu/Bureau/ETU004176/S4/Systeme d'info/codeigniterframework/system/BaseModel.php(676): CodeIgniter\Model->doFindAll()
#5 /home/itu/Bureau/ETU004176/S4/Systeme d'info/codeigniterframework/app/Controllers/Produit.php(9): CodeIgniter\BaseModel->findAll()
#6 /home/itu/Bureau/ETU004176/S4/Systeme d'info/codeigniterframework/system/CodeIgniter.php(951): App\Controllers\Produit->index()
#7 /home/itu/Bureau/ETU004176/S4/Systeme d'info/codeigniterframework/system/CodeIgniter.php(497): CodeIgniter\CodeIgniter->runController()
#8 /home/itu/Bureau/ETU004176/S4/Systeme d'info/codeigniterframework/system/CodeIgniter.php(340): CodeIgniter\CodeIgniter->handleRequest()
#9 /home/itu/Bureau/ETU004176/S4/Systeme d'info/codeigniterframework/system/Boot.php(417): CodeIgniter\CodeIgniter->run()
#10 /home/itu/Bureau/ETU004176/S4/Systeme d'info/codeigniterframework/system/Boot.php(68): CodeIgniter\Boot::runCodeIgniter()
#11 /home/itu/Bureau/ETU004176/S4/Systeme d'info/codeigniterframework/public/index.php(59): CodeIgniter\Boot::bootWeb()
#12 {main}
CRITICAL - 2026-04-15 06:45:53 --> CodeIgniter\Database\Exceptions\DatabaseException: Unable to connect to the database.
Main connection [MySQLi]: No such file or directory
[Method: GET, Route: produits]
in SYSTEMPATH/Database/BaseConnection.php on line 606.
 1 SYSTEMPATH/Database/BaseConnection.php(795): CodeIgniter\Database\BaseConnection->initialize()
 2 SYSTEMPATH/Database/BaseBuilder.php(1649): CodeIgniter\Database\BaseConnection->query()
 3 SYSTEMPATH/Model.php(253): CodeIgniter\Database\BaseBuilder->get()
 4 SYSTEMPATH/BaseModel.php(676): CodeIgniter\Model->doFindAll()
 5 APPPATH/Controllers/Produit.php(9): CodeIgniter\BaseModel->findAll()
 6 SYSTEMPATH/CodeIgniter.php(951): App\Controllers\Produit->index()
 7 SYSTEMPATH/CodeIgniter.php(497): CodeIgniter\CodeIgniter->runController()
 8 SYSTEMPATH/CodeIgniter.php(340): CodeIgniter\CodeIgniter->handleRequest()
 9 SYSTEMPATH/Boot.php(417): CodeIgniter\CodeIgniter->run()
10 SYSTEMPATH/Boot.php(68): CodeIgniter\Boot::runCodeIgniter()
11 FCPATH/index.php(59): CodeIgniter\Boot::bootWeb()
CRITICAL - 2026-04-15 06:49:18 --> ErrorException: Undefined variable $data
[Method: GET, Route: produits]
in APPPATH/Views/produits.php on line 5.
 1 APPPATH/Views/produits.php(5): CodeIgniter\Debug\Exceptions->errorHandler()
 2 SYSTEMPATH/View/View.php(240): include('/home/itu/Bureau/ETU004176/S4/Systeme d\'info/codeigniterframework/app/Views/produits.php')
 3 SYSTEMPATH/View/View.php(243): CodeIgniter\View\View->CodeIgniter\View\{closure}()
 4 SYSTEMPATH/Common.php(1250): CodeIgniter\View\View->render()
 5 APPPATH/Controllers/Produit.php(10): view()
 6 SYSTEMPATH/CodeIgniter.php(951): App\Controllers\Produit->index()
 7 SYSTEMPATH/CodeIgniter.php(497): CodeIgniter\CodeIgniter->runController()
 8 SYSTEMPATH/CodeIgniter.php(340): CodeIgniter\CodeIgniter->handleRequest()
 9 SYSTEMPATH/Boot.php(417): CodeIgniter\CodeIgniter->run()
10 SYSTEMPATH/Boot.php(68): CodeIgniter\Boot::runCodeIgniter()
11 FCPATH/index.php(59): CodeIgniter\Boot::bootWeb()
CRITICAL - 2026-04-15 06:49:19 --> ErrorException: Undefined variable $data
[Method: GET, Route: produits]
in APPPATH/Views/produits.php on line 5.
 1 APPPATH/Views/produits.php(5): CodeIgniter\Debug\Exceptions->errorHandler()
 2 SYSTEMPATH/View/View.php(240): include('/home/itu/Bureau/ETU004176/S4/Systeme d\'info/codeigniterframework/app/Views/produits.php')
 3 SYSTEMPATH/View/View.php(243): CodeIgniter\View\View->CodeIgniter\View\{closure}()
 4 SYSTEMPATH/Common.php(1250): CodeIgniter\View\View->render()
 5 APPPATH/Controllers/Produit.php(10): view()
 6 SYSTEMPATH/CodeIgniter.php(951): App\Controllers\Produit->index()
 7 SYSTEMPATH/CodeIgniter.php(497): CodeIgniter\CodeIgniter->runController()
 8 SYSTEMPATH/CodeIgniter.php(340): CodeIgniter\CodeIgniter->handleRequest()
 9 SYSTEMPATH/Boot.php(417): CodeIgniter\CodeIgniter->run()
10 SYSTEMPATH/Boot.php(68): CodeIgniter\Boot::runCodeIgniter()
11 FCPATH/index.php(59): CodeIgniter\Boot::bootWeb()
CRITICAL - 2026-04-15 06:50:18 --> ErrorException: Undefined property: CodeIgniter\View\View::$request
[Method: GET, Route: produits]
in APPPATH/Views/produits.php on line 1.
 1 APPPATH/Views/produits.php(1): CodeIgniter\Debug\Exceptions->errorHandler()
 2 SYSTEMPATH/View/View.php(240): include('/home/itu/Bureau/ETU004176/S4/Systeme d\'info/codeigniterframework/app/Views/produits.php')
 3 SYSTEMPATH/View/View.php(243): CodeIgniter\View\View->CodeIgniter\View\{closure}()
 4 SYSTEMPATH/Common.php(1250): CodeIgniter\View\View->render()
 5 APPPATH/Controllers/Produit.php(10): view()
 6 SYSTEMPATH/CodeIgniter.php(951): App\Controllers\Produit->index()
 7 SYSTEMPATH/CodeIgniter.php(497): CodeIgniter\CodeIgniter->runController()
 8 SYSTEMPATH/CodeIgniter.php(340): CodeIgniter\CodeIgniter->handleRequest()
 9 SYSTEMPATH/Boot.php(417): CodeIgniter\CodeIgniter->run()
10 SYSTEMPATH/Boot.php(68): CodeIgniter\Boot::runCodeIgniter()
11 FCPATH/index.php(59): CodeIgniter\Boot::bootWeb()
CRITICAL - 2026-04-15 06:50:19 --> ErrorException: Undefined property: CodeIgniter\View\View::$request
[Method: GET, Route: produits]
in APPPATH/Views/produits.php on line 1.
 1 APPPATH/Views/produits.php(1): CodeIgniter\Debug\Exceptions->errorHandler()
 2 SYSTEMPATH/View/View.php(240): include('/home/itu/Bureau/ETU004176/S4/Systeme d\'info/codeigniterframework/app/Views/produits.php')
 3 SYSTEMPATH/View/View.php(243): CodeIgniter\View\View->CodeIgniter\View\{closure}()
 4 SYSTEMPATH/Common.php(1250): CodeIgniter\View\View->render()
 5 APPPATH/Controllers/Produit.php(10): view()
 6 SYSTEMPATH/CodeIgniter.php(951): App\Controllers\Produit->index()
 7 SYSTEMPATH/CodeIgniter.php(497): CodeIgniter\CodeIgniter->runController()
 8 SYSTEMPATH/CodeIgniter.php(340): CodeIgniter\CodeIgniter->handleRequest()
 9 SYSTEMPATH/Boot.php(417): CodeIgniter\CodeIgniter->run()
10 SYSTEMPATH/Boot.php(68): CodeIgniter\Boot::runCodeIgniter()
11 FCPATH/index.php(59): CodeIgniter\Boot::bootWeb()
CRITICAL - 2026-04-15 06:56:36 --> ErrorException: Undefined property: CodeIgniter\View\View::$request
[Method: GET, Route: produits]
in APPPATH/Views/produits.php on line 1.
 1 APPPATH/Views/produits.php(1): CodeIgniter\Debug\Exceptions->errorHandler()
 2 SYSTEMPATH/View/View.php(240): include('/home/itu/Bureau/ETU004176/S4/Systeme d\'info/codeigniterframework/app/Views/produits.php')
 3 SYSTEMPATH/View/View.php(243): CodeIgniter\View\View->CodeIgniter\View\{closure}()
 4 SYSTEMPATH/Common.php(1250): CodeIgniter\View\View->render()
 5 APPPATH/Controllers/Produit.php(9): view()
 6 SYSTEMPATH/CodeIgniter.php(951): App\Controllers\Produit->index()
 7 SYSTEMPATH/CodeIgniter.php(497): CodeIgniter\CodeIgniter->runController()
 8 SYSTEMPATH/CodeIgniter.php(340): CodeIgniter\CodeIgniter->handleRequest()
 9 SYSTEMPATH/Boot.php(417): CodeIgniter\CodeIgniter->run()
10 SYSTEMPATH/Boot.php(68): CodeIgniter\Boot::runCodeIgniter()
11 FCPATH/index.php(59): CodeIgniter\Boot::bootWeb()
CRITICAL - 2026-04-15 07:00:02 --> ErrorException: Undefined variable $data
[Method: GET, Route: produits]
in APPPATH/Views/produits.php on line 5.
 1 APPPATH/Views/produits.php(5): CodeIgniter\Debug\Exceptions->errorHandler()
 2 SYSTEMPATH/View/View.php(240): include('/home/itu/Bureau/ETU004176/S4/Systeme d\'info/codeigniterframework/app/Views/produits.php')
 3 SYSTEMPATH/View/View.php(243): CodeIgniter\View\View->CodeIgniter\View\{closure}()
 4 SYSTEMPATH/Common.php(1250): CodeIgniter\View\View->render()
 5 APPPATH/Controllers/Produit.php(9): view()
 6 SYSTEMPATH/CodeIgniter.php(951): App\Controllers\Produit->index()
 7 SYSTEMPATH/CodeIgniter.php(497): CodeIgniter\CodeIgniter->runController()
 8 SYSTEMPATH/CodeIgniter.php(340): CodeIgniter\CodeIgniter->handleRequest()
 9 SYSTEMPATH/Boot.php(417): CodeIgniter\CodeIgniter->run()
10 SYSTEMPATH/Boot.php(68): CodeIgniter\Boot::runCodeIgniter()
11 FCPATH/index.php(59): CodeIgniter\Boot::bootWeb()
CRITICAL - 2026-04-15 07:00:03 --> ErrorException: Undefined variable $data
[Method: GET, Route: produits]
in APPPATH/Views/produits.php on line 5.
 1 APPPATH/Views/produits.php(5): CodeIgniter\Debug\Exceptions->errorHandler()
 2 SYSTEMPATH/View/View.php(240): include('/home/itu/Bureau/ETU004176/S4/Systeme d\'info/codeigniterframework/app/Views/produits.php')
 3 SYSTEMPATH/View/View.php(243): CodeIgniter\View\View->CodeIgniter\View\{closure}()
 4 SYSTEMPATH/Common.php(1250): CodeIgniter\View\View->render()
 5 APPPATH/Controllers/Produit.php(9): view()
 6 SYSTEMPATH/CodeIgniter.php(951): App\Controllers\Produit->index()
 7 SYSTEMPATH/CodeIgniter.php(497): CodeIgniter\CodeIgniter->runController()
 8 SYSTEMPATH/CodeIgniter.php(340): CodeIgniter\CodeIgniter->handleRequest()
 9 SYSTEMPATH/Boot.php(417): CodeIgniter\CodeIgniter->run()
10 SYSTEMPATH/Boot.php(68): CodeIgniter\Boot::runCodeIgniter()
11 FCPATH/index.php(59): CodeIgniter\Boot::bootWeb()
